ERROR 2026-02-24 16:25:58,048 views 13016 3780 Automated PO extraction failed in process_po: PO Number MACM/IT/PO/2026/015 already exists. Check first PO (ID: 24).
Traceback (most recent call last):
  File "D:\Sales_tools_application\Sales_Tools__app\backend\sales_orders\views.py", line 347, in process_po
    draft_so = SalesOrderCreator.create_from_po(po_file)
               ^^^^^^^^^^^^^^^^^^^^^^^^^^^^^^^^^^^^^^^^^
  File "C:\Python\Lib\contextlib.py", line 81, in inner
    return func(*args, **kwds)
           ^^^^^^^^^^^^^^^^^^^
  File "D:\Sales_tools_application\Sales_Tools__app\backend\sales_orders\services.py", line 564, in create_from_po
    raise Exception(f"PO Number {po_num} already exists. Check first PO (ID: {existing_so.id}).")
Exception: PO Number MACM/IT/PO/2026/015 already exists. Check first PO (ID: 24).
WARNING 2026-02-24 16:26:15,314 log 13016 19552 Not Found: /favicon.ico
WARNING 2026-02-24 16:26:15,314 log 13016 19552 Not Found: /favicon.ico
WARNING 2026-02-24 16:26:15,316 basehttp 13016 19552 "GET /favicon.ico HTTP/1.1" 404 3721
WARNING 2026-02-24 16:26:15,316 basehttp 13016 19552 "GET /favicon.ico HTTP/1.1" 404 3721
ERROR 2026-02-24 16:27:03,606 views 13016 3780 Automated PO extraction failed in process_po: PO Number ETL-PO-2025-1064 already exists. Check first PO (ID: 19).
Traceback (most recent call last):
  File "D:\Sales_tools_application\Sales_Tools__app\backend\sales_orders\views.py", line 347, in process_po
    draft_so = SalesOrderCreator.create_from_po(po_file)
               ^^^^^^^^^^^^^^^^^^^^^^^^^^^^^^^^^^^^^^^^^
  File "C:\Python\Lib\contextlib.py", line 81, in inner
    return func(*args, **kwds)
           ^^^^^^^^^^^^^^^^^^^
  File "D:\Sales_tools_application\Sales_Tools__app\backend\sales_orders\services.py", line 564, in create_from_po
    raise Exception(f"PO Number {po_num} already exists. Check first PO (ID: {existing_so.id}).")
Exception: PO Number ETL-PO-2025-1064 already exists. Check first PO (ID: 19).
ERROR 2026-02-24 16:28:16,640 views 13016 3304 Automated PO extraction failed in process_po: PO Number PO/IT/AUTOMATI/00229676/2025-26 already exists. Check first PO (ID: 18).
Traceback (most recent call last):
  File "D:\Sales_tools_application\Sales_Tools__app\backend\sales_orders\views.py", line 347, in process_po
    draft_so = SalesOrderCreator.create_from_po(po_file)
               ^^^^^^^^^^^^^^^^^^^^^^^^^^^^^^^^^^^^^^^^^
  File "C:\Python\Lib\contextlib.py", line 81, in inner
    return func(*args, **kwds)
           ^^^^^^^^^^^^^^^^^^^
  File "D:\Sales_tools_application\Sales_Tools__app\backend\sales_orders\services.py", line 564, in create_from_po
    raise Exception(f"PO Number {po_num} already exists. Check first PO (ID: {existing_so.id}).")
Exception: PO Number PO/IT/AUTOMATI/00229676/2025-26 already exists. Check first PO (ID: 18).
ERROR 2026-02-24 16:30:05,255 views 13016 21024 Automated PO extraction failed in process_po: PO Number MACM/IT/PO/2026/015 already exists. Check first PO (ID: 24).
Traceback (most recent call last):
  File "D:\Sales_tools_application\Sales_Tools__app\backend\sales_orders\views.py", line 347, in process_po
    draft_so = SalesOrderCreator.create_from_po(po_file)
               ^^^^^^^^^^^^^^^^^^^^^^^^^^^^^^^^^^^^^^^^^
  File "C:\Python\Lib\contextlib.py", line 81, in inner
    return func(*args, **kwds)
           ^^^^^^^^^^^^^^^^^^^
  File "D:\Sales_tools_application\Sales_Tools__app\backend\sales_orders\services.py", line 564, in create_from_po
    raise Exception(f"PO Number {po_num} already exists. Check first PO (ID: {existing_so.id}).")
Exception: PO Number MACM/IT/PO/2026/015 already exists. Check first PO (ID: 24).
WARNING 2026-02-24 16:46:05,786 log 22352 8252 Bad Request: /api/finance/company-profile/
WARNING 2026-02-24 16:46:05,786 log 22352 8252 Bad Request: /api/finance/company-profile/
WARNING 2026-02-24 16:46:05,788 basehttp 22352 8252 "POST /api/finance/company-profile/ HTTP/1.1" 400 136
WARNING 2026-02-24 16:46:05,788 basehttp 22352 8252 "POST /api/finance/company-profile/ HTTP/1.1" 400 136
WARNING 2026-02-24 16:46:21,454 log 22352 8252 Bad Request: /api/finance/company-profile/
WARNING 2026-02-24 16:46:21,454 log 22352 8252 Bad Request: /api/finance/company-profile/
WARNING 2026-02-24 16:46:21,456 basehttp 22352 8252 "POST /api/finance/company-profile/ HTTP/1.1" 400 63
WARNING 2026-02-24 16:46:21,456 basehttp 22352 8252 "POST /api/finance/company-profile/ HTTP/1.1" 400 63
WARNING 2026-02-24 16:46:28,110 log 22352 8252 Bad Request: /api/finance/company-profile/
WARNING 2026-02-24 16:46:28,110 log 22352 8252 Bad Request: /api/finance/company-profile/
WARNING 2026-02-24 16:46:28,112 basehttp 22352 8252 "POST /api/finance/company-profile/ HTTP/1.1" 400 63
WARNING 2026-02-24 16:46:28,112 basehttp 22352 8252 "POST /api/finance/company-profile/ HTTP/1.1" 400 63
ERROR 2026-02-24 17:51:14,573 log 22200 2548 Internal Server Error: /api/customers/
Traceback (most recent call last):
  File "C:\Python\Lib\site-packages\django\db\backends\utils.py", line 105, in _execute
    return self.cursor.execute(sql, params)
           ^^^^^^^^^^^^^^^^^^^^^^^^^^^^^^^^
psycopg2.errors.UndefinedColumn: column deals_customer.entity does not exist
LINE 1: ...T "deals_customer"."id", "deals_customer"."name", "deals_cus...
                                                             ^


The above exception was the direct cause of the following exception:

Traceback (most recent call last):
  File "C:\Python\Lib\site-packages\django\core\handlers\exception.py", line 55, in inner
    response = get_response(request)
               ^^^^^^^^^^^^^^^^^^^^^
  File "C:\Python\Lib\site-packages\django\core\handlers\base.py", line 197, in _get_response
    response = wrapped_callback(request, *callback_args, **callback_kwargs)
               ^^^^^^^^^^^^^^^^^^^^^^^^^^^^^^^^^^^^^^^^^^^^^^^^^^^^^^^^^^^^
  File "C:\Python\Lib\site-packages\django\views\decorators\csrf.py", line 65, in _view_wrapper
    return view_func(request, *args, **kwargs)
           ^^^^^^^^^^^^^^^^^^^^^^^^^^^^^^^^^^^
  File "C:\Python\Lib\site-packages\rest_framework\viewsets.py", line 125, in view
    return self.dispatch(request, *args, **kwargs)
           ^^^^^^^^^^^^^^^^^^^^^^^^^^^^^^^^^^^^^^^
  File "C:\Python\Lib\site-packages\rest_framework\views.py", line 515, in dispatch
    response = self.handle_exception(exc)
               ^^^^^^^^^^^^^^^^^^^^^^^^^^
  File "C:\Python\Lib\site-packages\rest_framework\views.py", line 475, in handle_exception
    self.raise_uncaught_exception(exc)
  File "C:\Python\Lib\site-packages\rest_framework\views.py", line 486, in raise_uncaught_exception
    raise exc
  File "C:\Python\Lib\site-packages\rest_framework\views.py", line 512, in dispatch
    response = handler(request, *args, **kwargs)
               ^^^^^^^^^^^^^^^^^^^^^^^^^^^^^^^^^
  File "C:\Python\Lib\site-packages\rest_framework\mixins.py", line 46, in list
    return Response(serializer.data)
                    ^^^^^^^^^^^^^^^
  File "C:\Python\Lib\site-packages\rest_framework\serializers.py", line 797, in data
    ret = super().data
          ^^^^^^^^^^^^
  File "C:\Python\Lib\site-packages\rest_framework\serializers.py", line 251, in data
    self._data = self.to_representation(self.instance)
                 ^^^^^^^^^^^^^^^^^^^^^^^^^^^^^^^^^^^^^
  File "C:\Python\Lib\site-packages\rest_framework\serializers.py", line 715, in to_representation
    return [
           ^
  File "C:\Python\Lib\site-packages\django\db\models\query.py", line 384, in __iter__
    self._fetch_all()
  File "C:\Python\Lib\site-packages\django\db\models\query.py", line 1949, in _fetch_all
    self._result_cache = list(self._iterable_class(self))
                         ^^^^^^^^^^^^^^^^^^^^^^^^^^^^^^^^
  File "C:\Python\Lib\site-packages\django\db\models\query.py", line 91, in __iter__
    results = compiler.execute_sql(
              ^^^^^^^^^^^^^^^^^^^^^
  File "C:\Python\Lib\site-packages\django\db\models\sql\compiler.py", line 1623, in execute_sql
    cursor.execute(sql, params)
  File "C:\Python\Lib\site-packages\django\db\backends\utils.py", line 122, in execute
    return super().execute(sql, params)
           ^^^^^^^^^^^^^^^^^^^^^^^^^^^^
  File "C:\Python\Lib\site-packages\django\db\backends\utils.py", line 79, in execute
    return self._execute_with_wrappers(
           ^^^^^^^^^^^^^^^^^^^^^^^^^^^^
  File "C:\Python\Lib\site-packages\django\db\backends\utils.py", line 92, in _execute_with_wrappers
    return executor(sql, params, many, context)
           ^^^^^^^^^^^^^^^^^^^^^^^^^^^^^^^^^^^^
  File "C:\Python\Lib\site-packages\django\db\backends\utils.py", line 100, in _execute
    with self.db.wrap_database_errors:
  File "C:\Python\Lib\site-packages\django\db\utils.py", line 91, in __exit__
    raise dj_exc_value.with_traceback(traceback) from exc_value
  File "C:\Python\Lib\site-packages\django\db\backends\utils.py", line 105, in _execute
    return self.cursor.execute(sql, params)
           ^^^^^^^^^^^^^^^^^^^^^^^^^^^^^^^^
django.db.utils.ProgrammingError: column deals_customer.entity does not exist
LINE 1: ...T "deals_customer"."id", "deals_customer"."name", "deals_cus...
                                                             ^

ERROR 2026-02-24 17:51:14,573 log 22200 2548 Internal Server Error: /api/customers/
Traceback (most recent call last):
  File "C:\Python\Lib\site-packages\django\db\backends\utils.py", line 105, in _execute
    return self.cursor.execute(sql, params)
           ^^^^^^^^^^^^^^^^^^^^^^^^^^^^^^^^
psycopg2.errors.UndefinedColumn: column deals_customer.entity does not exist
LINE 1: ...T "deals_customer"."id", "deals_customer"."name", "deals_cus...
                                                             ^


The above exception was the direct cause of the following exception:

Traceback (most recent call last):
  File "C:\Python\Lib\site-packages\django\core\handlers\exception.py", line 55, in inner
    response = get_response(request)
               ^^^^^^^^^^^^^^^^^^^^^
  File "C:\Python\Lib\site-packages\django\core\handlers\base.py", line 197, in _get_response
    response = wrapped_callback(request, *callback_args, **callback_kwargs)
               ^^^^^^^^^^^^^^^^^^^^^^^^^^^^^^^^^^^^^^^^^^^^^^^^^^^^^^^^^^^^
  File "C:\Python\Lib\site-packages\django\views\decorators\csrf.py", line 65, in _view_wrapper
    return view_func(request, *args, **kwargs)
           ^^^^^^^^^^^^^^^^^^^^^^^^^^^^^^^^^^^
  File "C:\Python\Lib\site-packages\rest_framework\viewsets.py", line 125, in view
    return self.dispatch(request, *args, **kwargs)
           ^^^^^^^^^^^^^^^^^^^^^^^^^^^^^^^^^^^^^^^
  File "C:\Python\Lib\site-packages\rest_framework\views.py", line 515, in dispatch
    response = self.handle_exception(exc)
               ^^^^^^^^^^^^^^^^^^^^^^^^^^
  File "C:\Python\Lib\site-packages\rest_framework\views.py", line 475, in handle_exception
    self.raise_uncaught_exception(exc)
  File "C:\Python\Lib\site-packages\rest_framework\views.py", line 486, in raise_uncaught_exception
    raise exc
  File "C:\Python\Lib\site-packages\rest_framework\views.py", line 512, in dispatch
    response = handler(request, *args, **kwargs)
               ^^^^^^^^^^^^^^^^^^^^^^^^^^^^^^^^^
  File "C:\Python\Lib\site-packages\rest_framework\mixins.py", line 46, in list
    return Response(serializer.data)
                    ^^^^^^^^^^^^^^^
  File "C:\Python\Lib\site-packages\rest_framework\serializers.py", line 797, in data
    ret = super().data
          ^^^^^^^^^^^^
  File "C:\Python\Lib\site-packages\rest_framework\serializers.py", line 251, in data
    self._data = self.to_representation(self.instance)
                 ^^^^^^^^^^^^^^^^^^^^^^^^^^^^^^^^^^^^^
  File "C:\Python\Lib\site-packages\rest_framework\serializers.py", line 715, in to_representation
    return [
           ^
  File "C:\Python\Lib\site-packages\django\db\models\query.py", line 384, in __iter__
    self._fetch_all()
  File "C:\Python\Lib\site-packages\django\db\models\query.py", line 1949, in _fetch_all
    self._result_cache = list(self._iterable_class(self))
                         ^^^^^^^^^^^^^^^^^^^^^^^^^^^^^^^^
  File "C:\Python\Lib\site-packages\django\db\models\query.py", line 91, in __iter__
    results = compiler.execute_sql(
              ^^^^^^^^^^^^^^^^^^^^^
  File "C:\Python\Lib\site-packages\django\db\models\sql\compiler.py", line 1623, in execute_sql
    cursor.execute(sql, params)
  File "C:\Python\Lib\site-packages\django\db\backends\utils.py", line 122, in execute
    return super().execute(sql, params)
           ^^^^^^^^^^^^^^^^^^^^^^^^^^^^
  File "C:\Python\Lib\site-packages\django\db\backends\utils.py", line 79, in execute
    return self._execute_with_wrappers(
           ^^^^^^^^^^^^^^^^^^^^^^^^^^^^
  File "C:\Python\Lib\site-packages\django\db\backends\utils.py", line 92, in _execute_with_wrappers
    return executor(sql, params, many, context)
           ^^^^^^^^^^^^^^^^^^^^^^^^^^^^^^^^^^^^
  File "C:\Python\Lib\site-packages\django\db\backends\utils.py", line 100, in _execute
    with self.db.wrap_database_errors:
  File "C:\Python\Lib\site-packages\django\db\utils.py", line 91, in __exit__
    raise dj_exc_value.with_traceback(traceback) from exc_value
  File "C:\Python\Lib\site-packages\django\db\backends\utils.py", line 105, in _execute
    return self.cursor.execute(sql, params)
           ^^^^^^^^^^^^^^^^^^^^^^^^^^^^^^^^
django.db.utils.ProgrammingError: column deals_customer.entity does not exist
LINE 1: ...T "deals_customer"."id", "deals_customer"."name", "deals_cus...
                                                             ^

ERROR 2026-02-24 17:51:14,657 basehttp 22200 2548 "GET /api/customers/ HTTP/1.1" 500 170234
ERROR 2026-02-24 17:51:14,657 basehttp 22200 2548 "GET /api/customers/ HTTP/1.1" 500 170234
ERROR 2026-02-24 17:51:15,567 log 22200 2128 Internal Server Error: /api/customers/
Traceback (most recent call last):
  File "C:\Python\Lib\site-packages\django\db\backends\utils.py", line 105, in _execute
    return self.cursor.execute(sql, params)
           ^^^^^^^^^^^^^^^^^^^^^^^^^^^^^^^^
psycopg2.errors.UndefinedColumn: column deals_customer.entity does not exist
LINE 1: ...T "deals_customer"."id", "deals_customer"."name", "deals_cus...
                                                             ^


The above exception was the direct cause of the following exception:

Traceback (most recent call last):
  File "C:\Python\Lib\site-packages\django\core\handlers\exception.py", line 55, in inner
    response = get_response(request)
               ^^^^^^^^^^^^^^^^^^^^^
  File "C:\Python\Lib\site-packages\django\core\handlers\base.py", line 197, in _get_response
    response = wrapped_callback(request, *callback_args, **callback_kwargs)
               ^^^^^^^^^^^^^^^^^^^^^^^^^^^^^^^^^^^^^^^^^^^^^^^^^^^^^^^^^^^^
  File "C:\Python\Lib\site-packages\django\views\decorators\csrf.py", line 65, in _view_wrapper
    return view_func(request, *args, **kwargs)
           ^^^^^^^^^^^^^^^^^^^^^^^^^^^^^^^^^^^
  File "C:\Python\Lib\site-packages\rest_framework\viewsets.py", line 125, in view
    return self.dispatch(request, *args, **kwargs)
           ^^^^^^^^^^^^^^^^^^^^^^^^^^^^^^^^^^^^^^^
  File "C:\Python\Lib\site-packages\rest_framework\views.py", line 515, in dispatch
    response = self.handle_exception(exc)
               ^^^^^^^^^^^^^^^^^^^^^^^^^^
  File "C:\Python\Lib\site-packages\rest_framework\views.py", line 475, in handle_exception
    self.raise_uncaught_exception(exc)
  File "C:\Python\Lib\site-packages\rest_framework\views.py", line 486, in raise_uncaught_exception
    raise exc
  File "C:\Python\Lib\site-packages\rest_framework\views.py", line 512, in dispatch
    response = handler(request, *args, **kwargs)
               ^^^^^^^^^^^^^^^^^^^^^^^^^^^^^^^^^
  File "C:\Python\Lib\site-packages\rest_framework\mixins.py", line 46, in list
    return Response(serializer.data)
                    ^^^^^^^^^^^^^^^
  File "C:\Python\Lib\site-packages\rest_framework\serializers.py", line 797, in data
    ret = super().data
          ^^^^^^^^^^^^
  File "C:\Python\Lib\site-packages\rest_framework\serializers.py", line 251, in data
    self._data = self.to_representation(self.instance)
                 ^^^^^^^^^^^^^^^^^^^^^^^^^^^^^^^^^^^^^
  File "C:\Python\Lib\site-packages\rest_framework\serializers.py", line 715, in to_representation
    return [
           ^
  File "C:\Python\Lib\site-packages\django\db\models\query.py", line 384, in __iter__
    self._fetch_all()
  File "C:\Python\Lib\site-packages\django\db\models\query.py", line 1949, in _fetch_all
    self._result_cache = list(self._iterable_class(self))
                         ^^^^^^^^^^^^^^^^^^^^^^^^^^^^^^^^
  File "C:\Python\Lib\site-packages\django\db\models\query.py", line 91, in __iter__
    results = compiler.execute_sql(
              ^^^^^^^^^^^^^^^^^^^^^
  File "C:\Python\Lib\site-packages\django\db\models\sql\compiler.py", line 1623, in execute_sql
    cursor.execute(sql, params)
  File "C:\Python\Lib\site-packages\django\db\backends\utils.py", line 122, in execute
    return super().execute(sql, params)
           ^^^^^^^^^^^^^^^^^^^^^^^^^^^^
  File "C:\Python\Lib\site-packages\django\db\backends\utils.py", line 79, in execute
    return self._execute_with_wrappers(
           ^^^^^^^^^^^^^^^^^^^^^^^^^^^^
  File "C:\Python\Lib\site-packages\django\db\backends\utils.py", line 92, in _execute_with_wrappers
    return executor(sql, params, many, context)
           ^^^^^^^^^^^^^^^^^^^^^^^^^^^^^^^^^^^^
  File "C:\Python\Lib\site-packages\django\db\backends\utils.py", line 100, in _execute
    with self.db.wrap_database_errors:
  File "C:\Python\Lib\site-packages\django\db\utils.py", line 91, in __exit__
    raise dj_exc_value.with_traceback(traceback) from exc_value
  File "C:\Python\Lib\site-packages\django\db\backends\utils.py", line 105, in _execute
    return self.cursor.execute(sql, params)
           ^^^^^^^^^^^^^^^^^^^^^^^^^^^^^^^^
django.db.utils.ProgrammingError: column deals_customer.entity does not exist
LINE 1: ...T "deals_customer"."id", "deals_customer"."name", "deals_cus...
                                                             ^

ERROR 2026-02-24 17:51:15,567 log 22200 2128 Internal Server Error: /api/customers/
Traceback (most recent call last):
  File "C:\Python\Lib\site-packages\django\db\backends\utils.py", line 105, in _execute
    return self.cursor.execute(sql, params)
           ^^^^^^^^^^^^^^^^^^^^^^^^^^^^^^^^
psycopg2.errors.UndefinedColumn: column deals_customer.entity does not exist
LINE 1: ...T "deals_customer"."id", "deals_customer"."name", "deals_cus...
                                                             ^


The above exception was the direct cause of the following exception:

Traceback (most recent call last):
  File "C:\Python\Lib\site-packages\django\core\handlers\exception.py", line 55, in inner
    response = get_response(request)
               ^^^^^^^^^^^^^^^^^^^^^
  File "C:\Python\Lib\site-packages\django\core\handlers\base.py", line 197, in _get_response
    response = wrapped_callback(request, *callback_args, **callback_kwargs)
               ^^^^^^^^^^^^^^^^^^^^^^^^^^^^^^^^^^^^^^^^^^^^^^^^^^^^^^^^^^^^
  File "C:\Python\Lib\site-packages\django\views\decorators\csrf.py", line 65, in _view_wrapper
    return view_func(request, *args, **kwargs)
           ^^^^^^^^^^^^^^^^^^^^^^^^^^^^^^^^^^^
  File "C:\Python\Lib\site-packages\rest_framework\viewsets.py", line 125, in view
    return self.dispatch(request, *args, **kwargs)
           ^^^^^^^^^^^^^^^^^^^^^^^^^^^^^^^^^^^^^^^
  File "C:\Python\Lib\site-packages\rest_framework\views.py", line 515, in dispatch
    response = self.handle_exception(exc)
               ^^^^^^^^^^^^^^^^^^^^^^^^^^
  File "C:\Python\Lib\site-packages\rest_framework\views.py", line 475, in handle_exception
    self.raise_uncaught_exception(exc)
  File "C:\Python\Lib\site-packages\rest_framework\views.py", line 486, in raise_uncaught_exception
    raise exc
  File "C:\Python\Lib\site-packages\rest_framework\views.py", line 512, in dispatch
    response = handler(request, *args, **kwargs)
               ^^^^^^^^^^^^^^^^^^^^^^^^^^^^^^^^^
  File "C:\Python\Lib\site-packages\rest_framework\mixins.py", line 46, in list
    return Response(serializer.data)
                    ^^^^^^^^^^^^^^^
  File "C:\Python\Lib\site-packages\rest_framework\serializers.py", line 797, in data
    ret = super().data
          ^^^^^^^^^^^^
  File "C:\Python\Lib\site-packages\rest_framework\serializers.py", line 251, in data
    self._data = self.to_representation(self.instance)
                 ^^^^^^^^^^^^^^^^^^^^^^^^^^^^^^^^^^^^^
  File "C:\Python\Lib\site-packages\rest_framework\serializers.py", line 715, in to_representation
    return [
           ^
  File "C:\Python\Lib\site-packages\django\db\models\query.py", line 384, in __iter__
    self._fetch_all()
  File "C:\Python\Lib\site-packages\django\db\models\query.py", line 1949, in _fetch_all
    self._result_cache = list(self._iterable_class(self))
                         ^^^^^^^^^^^^^^^^^^^^^^^^^^^^^^^^
  File "C:\Python\Lib\site-packages\django\db\models\query.py", line 91, in __iter__
    results = compiler.execute_sql(
              ^^^^^^^^^^^^^^^^^^^^^
  File "C:\Python\Lib\site-packages\django\db\models\sql\compiler.py", line 1623, in execute_sql
    cursor.execute(sql, params)
  File "C:\Python\Lib\site-packages\django\db\backends\utils.py", line 122, in execute
    return super().execute(sql, params)
           ^^^^^^^^^^^^^^^^^^^^^^^^^^^^
  File "C:\Python\Lib\site-packages\django\db\backends\utils.py", line 79, in execute
    return self._execute_with_wrappers(
           ^^^^^^^^^^^^^^^^^^^^^^^^^^^^
  File "C:\Python\Lib\site-packages\django\db\backends\utils.py", line 92, in _execute_with_wrappers
    return executor(sql, params, many, context)
           ^^^^^^^^^^^^^^^^^^^^^^^^^^^^^^^^^^^^
  File "C:\Python\Lib\site-packages\django\db\backends\utils.py", line 100, in _execute
    with self.db.wrap_database_errors:
  File "C:\Python\Lib\site-packages\django\db\utils.py", line 91, in __exit__
    raise dj_exc_value.with_traceback(traceback) from exc_value
  File "C:\Python\Lib\site-packages\django\db\backends\utils.py", line 105, in _execute
    return self.cursor.execute(sql, params)
           ^^^^^^^^^^^^^^^^^^^^^^^^^^^^^^^^
django.db.utils.ProgrammingError: column deals_customer.entity does not exist
LINE 1: ...T "deals_customer"."id", "deals_customer"."name", "deals_cus...
                                                             ^

ERROR 2026-02-24 17:51:15,579 basehttp 22200 2128 "GET /api/customers/ HTTP/1.1" 500 170234
ERROR 2026-02-24 17:51:15,579 basehttp 22200 2128 "GET /api/customers/ HTTP/1.1" 500 170234
ERROR 2026-02-24 17:54:20,287 views 22200 22108 Error updating company profile: 'CompanyProfile' object has no attribute 'company_name'
Traceback (most recent call last):
  File "D:\Sales_tools_application\Sales_Tools__app\backend\finance\views.py", line 68, in perform_update
    old_value=profile.company_name,
              ^^^^^^^^^^^^^^^^^^^^
AttributeError: 'CompanyProfile' object has no attribute 'company_name'. Did you mean: 'company_seal'?
ERROR 2026-02-24 17:54:20,413 log 22200 22108 Internal Server Error: /api/finance/company-profile/14/
Traceback (most recent call last):
  File "C:\Python\Lib\site-packages\django\core\handlers\exception.py", line 55, in inner
    response = get_response(request)
               ^^^^^^^^^^^^^^^^^^^^^
  File "C:\Python\Lib\site-packages\django\core\handlers\base.py", line 197, in _get_response
    response = wrapped_callback(request, *callback_args, **callback_kwargs)
               ^^^^^^^^^^^^^^^^^^^^^^^^^^^^^^^^^^^^^^^^^^^^^^^^^^^^^^^^^^^^
  File "C:\Python\Lib\site-packages\django\views\decorators\csrf.py", line 65, in _view_wrapper
    return view_func(request, *args, **kwargs)
           ^^^^^^^^^^^^^^^^^^^^^^^^^^^^^^^^^^^
  File "C:\Python\Lib\site-packages\rest_framework\viewsets.py", line 125, in view
    return self.dispatch(request, *args, **kwargs)
           ^^^^^^^^^^^^^^^^^^^^^^^^^^^^^^^^^^^^^^^
  File "C:\Python\Lib\site-packages\rest_framework\views.py", line 515, in dispatch
    response = self.handle_exception(exc)
               ^^^^^^^^^^^^^^^^^^^^^^^^^^
  File "C:\Python\Lib\site-packages\rest_framework\views.py", line 475, in handle_exception
    self.raise_uncaught_exception(exc)
  File "C:\Python\Lib\site-packages\rest_framework\views.py", line 486, in raise_uncaught_exception
    raise exc
  File "C:\Python\Lib\site-packages\rest_framework\views.py", line 512, in dispatch
    response = handler(request, *args, **kwargs)
               ^^^^^^^^^^^^^^^^^^^^^^^^^^^^^^^^^
  File "C:\Python\Lib\site-packages\rest_framework\mixins.py", line 82, in partial_update
    return self.update(request, *args, **kwargs)
           ^^^^^^^^^^^^^^^^^^^^^^^^^^^^^^^^^^^^^
  File "C:\Python\Lib\site-packages\rest_framework\mixins.py", line 68, in update
    self.perform_update(serializer)
  File "D:\Sales_tools_application\Sales_Tools__app\backend\finance\views.py", line 68, in perform_update
    old_value=profile.company_name,
              ^^^^^^^^^^^^^^^^^^^^
AttributeError: 'CompanyProfile' object has no attribute 'company_name'. Did you mean: 'company_seal'?
ERROR 2026-02-24 17:54:20,413 log 22200 22108 Internal Server Error: /api/finance/company-profile/14/
Traceback (most recent call last):
  File "C:\Python\Lib\site-packages\django\core\handlers\exception.py", line 55, in inner
    response = get_response(request)
               ^^^^^^^^^^^^^^^^^^^^^
  File "C:\Python\Lib\site-packages\django\core\handlers\base.py", line 197, in _get_response
    response = wrapped_callback(request, *callback_args, **callback_kwargs)
               ^^^^^^^^^^^^^^^^^^^^^^^^^^^^^^^^^^^^^^^^^^^^^^^^^^^^^^^^^^^^
  File "C:\Python\Lib\site-packages\django\views\decorators\csrf.py", line 65, in _view_wrapper
    return view_func(request, *args, **kwargs)
           ^^^^^^^^^^^^^^^^^^^^^^^^^^^^^^^^^^^
  File "C:\Python\Lib\site-packages\rest_framework\viewsets.py", line 125, in view
    return self.dispatch(request, *args, **kwargs)
           ^^^^^^^^^^^^^^^^^^^^^^^^^^^^^^^^^^^^^^^
  File "C:\Python\Lib\site-packages\rest_framework\views.py", line 515, in dispatch
    response = self.handle_exception(exc)
               ^^^^^^^^^^^^^^^^^^^^^^^^^^
  File "C:\Python\Lib\site-packages\rest_framework\views.py", line 475, in handle_exception
    self.raise_uncaught_exception(exc)
  File "C:\Python\Lib\site-packages\rest_framework\views.py", line 486, in raise_uncaught_exception
    raise exc
  File "C:\Python\Lib\site-packages\rest_framework\views.py", line 512, in dispatch
    response = handler(request, *args, **kwargs)
               ^^^^^^^^^^^^^^^^^^^^^^^^^^^^^^^^^
  File "C:\Python\Lib\site-packages\rest_framework\mixins.py", line 82, in partial_update
    return self.update(request, *args, **kwargs)
           ^^^^^^^^^^^^^^^^^^^^^^^^^^^^^^^^^^^^^
  File "C:\Python\Lib\site-packages\rest_framework\mixins.py", line 68, in update
    self.perform_update(serializer)
  File "D:\Sales_tools_application\Sales_Tools__app\backend\finance\views.py", line 68, in perform_update
    old_value=profile.company_name,
              ^^^^^^^^^^^^^^^^^^^^
AttributeError: 'CompanyProfile' object has no attribute 'company_name'. Did you mean: 'company_seal'?
ERROR 2026-02-24 17:54:20,429 basehttp 22200 22108 "PATCH /api/finance/company-profile/14/ HTTP/1.1" 500 120475
ERROR 2026-02-24 17:54:20,429 basehttp 22200 22108 "PATCH /api/finance/company-profile/14/ HTTP/1.1" 500 120475
ERROR 2026-02-24 17:54:27,800 views 22200 22108 Error updating company profile: 'CompanyProfile' object has no attribute 'company_name'
Traceback (most recent call last):
  File "D:\Sales_tools_application\Sales_Tools__app\backend\finance\views.py", line 68, in perform_update
    old_value=profile.company_name,
              ^^^^^^^^^^^^^^^^^^^^
AttributeError: 'CompanyProfile' object has no attribute 'company_name'. Did you mean: 'company_seal'?
ERROR 2026-02-24 17:54:27,923 log 22200 22108 Internal Server Error: /api/finance/company-profile/14/
Traceback (most recent call last):
  File "C:\Python\Lib\site-packages\django\core\handlers\exception.py", line 55, in inner
    response = get_response(request)
               ^^^^^^^^^^^^^^^^^^^^^
  File "C:\Python\Lib\site-packages\django\core\handlers\base.py", line 197, in _get_response
    response = wrapped_callback(request, *callback_args, **callback_kwargs)
               ^^^^^^^^^^^^^^^^^^^^^^^^^^^^^^^^^^^^^^^^^^^^^^^^^^^^^^^^^^^^
  File "C:\Python\Lib\site-packages\django\views\decorators\csrf.py", line 65, in _view_wrapper
    return view_func(request, *args, **kwargs)
           ^^^^^^^^^^^^^^^^^^^^^^^^^^^^^^^^^^^
  File "C:\Python\Lib\site-packages\rest_framework\viewsets.py", line 125, in view
    return self.dispatch(request, *args, **kwargs)
           ^^^^^^^^^^^^^^^^^^^^^^^^^^^^^^^^^^^^^^^
  File "C:\Python\Lib\site-packages\rest_framework\views.py", line 515, in dispatch
    response = self.handle_exception(exc)
               ^^^^^^^^^^^^^^^^^^^^^^^^^^
  File "C:\Python\Lib\site-packages\rest_framework\views.py", line 475, in handle_exception
    self.raise_uncaught_exception(exc)
  File "C:\Python\Lib\site-packages\rest_framework\views.py", line 486, in raise_uncaught_exception
    raise exc
  File "C:\Python\Lib\site-packages\rest_framework\views.py", line 512, in dispatch
    response = handler(request, *args, **kwargs)
               ^^^^^^^^^^^^^^^^^^^^^^^^^^^^^^^^^
  File "C:\Python\Lib\site-packages\rest_framework\mixins.py", line 82, in partial_update
    return self.update(request, *args, **kwargs)
           ^^^^^^^^^^^^^^^^^^^^^^^^^^^^^^^^^^^^^
  File "C:\Python\Lib\site-packages\rest_framework\mixins.py", line 68, in update
    self.perform_update(serializer)
  File "D:\Sales_tools_application\Sales_Tools__app\backend\finance\views.py", line 68, in perform_update
    old_value=profile.company_name,
              ^^^^^^^^^^^^^^^^^^^^
AttributeError: 'CompanyProfile' object has no attribute 'company_name'. Did you mean: 'company_seal'?
ERROR 2026-02-24 17:54:27,923 log 22200 22108 Internal Server Error: /api/finance/company-profile/14/
Traceback (most recent call last):
  File "C:\Python\Lib\site-packages\django\core\handlers\exception.py", line 55, in inner
    response = get_response(request)
               ^^^^^^^^^^^^^^^^^^^^^
  File "C:\Python\Lib\site-packages\django\core\handlers\base.py", line 197, in _get_response
    response = wrapped_callback(request, *callback_args, **callback_kwargs)
               ^^^^^^^^^^^^^^^^^^^^^^^^^^^^^^^^^^^^^^^^^^^^^^^^^^^^^^^^^^^^
  File "C:\Python\Lib\site-packages\django\views\decorators\csrf.py", line 65, in _view_wrapper
    return view_func(request, *args, **kwargs)
           ^^^^^^^^^^^^^^^^^^^^^^^^^^^^^^^^^^^
  File "C:\Python\Lib\site-packages\rest_framework\viewsets.py", line 125, in view
    return self.dispatch(request, *args, **kwargs)
           ^^^^^^^^^^^^^^^^^^^^^^^^^^^^^^^^^^^^^^^
  File "C:\Python\Lib\site-packages\rest_framework\views.py", line 515, in dispatch
    response = self.handle_exception(exc)
               ^^^^^^^^^^^^^^^^^^^^^^^^^^
  File "C:\Python\Lib\site-packages\rest_framework\views.py", line 475, in handle_exception
    self.raise_uncaught_exception(exc)
  File "C:\Python\Lib\site-packages\rest_framework\views.py", line 486, in raise_uncaught_exception
    raise exc
  File "C:\Python\Lib\site-packages\rest_framework\views.py", line 512, in dispatch
    response = handler(request, *args, **kwargs)
               ^^^^^^^^^^^^^^^^^^^^^^^^^^^^^^^^^
  File "C:\Python\Lib\site-packages\rest_framework\mixins.py", line 82, in partial_update
    return self.update(request, *args, **kwargs)
           ^^^^^^^^^^^^^^^^^^^^^^^^^^^^^^^^^^^^^
  File "C:\Python\Lib\site-packages\rest_framework\mixins.py", line 68, in update
    self.perform_update(serializer)
  File "D:\Sales_tools_application\Sales_Tools__app\backend\finance\views.py", line 68, in perform_update
    old_value=profile.company_name,
              ^^^^^^^^^^^^^^^^^^^^
AttributeError: 'CompanyProfile' object has no attribute 'company_name'. Did you mean: 'company_seal'?
ERROR 2026-02-24 17:54:27,939 basehttp 22200 22108 "PATCH /api/finance/company-profile/14/ HTTP/1.1" 500 120475
ERROR 2026-02-24 17:54:27,939 basehttp 22200 22108 "PATCH /api/finance/company-profile/14/ HTTP/1.1" 500 120475
ERROR 2026-02-24 18:11:06,827 log 3304 23448 Internal Server Error: /api/estimates/34/
Traceback (most recent call last):
  File "C:\Python\Lib\site-packages\django\db\backends\utils.py", line 105, in _execute
    return self.cursor.execute(sql, params)
           ^^^^^^^^^^^^^^^^^^^^^^^^^^^^^^^^
psycopg2.errors.UndefinedColumn: column estimates_estimateitem.item_type does not exist
LINE 1: ...."estimate_id", "estimates_estimateitem"."sr_no", "estimates...
                                                             ^


The above exception was the direct cause of the following exception:

Traceback (most recent call last):
  File "C:\Python\Lib\site-packages\django\core\handlers\exception.py", line 55, in inner
    response = get_response(request)
               ^^^^^^^^^^^^^^^^^^^^^
  File "C:\Python\Lib\site-packages\django\core\handlers\base.py", line 197, in _get_response
    response = wrapped_callback(request, *callback_args, **callback_kwargs)
               ^^^^^^^^^^^^^^^^^^^^^^^^^^^^^^^^^^^^^^^^^^^^^^^^^^^^^^^^^^^^
  File "C:\Python\Lib\site-packages\django\views\decorators\csrf.py", line 65, in _view_wrapper
    return view_func(request, *args, **kwargs)
           ^^^^^^^^^^^^^^^^^^^^^^^^^^^^^^^^^^^
  File "C:\Python\Lib\site-packages\rest_framework\viewsets.py", line 125, in view
    return self.dispatch(request, *args, **kwargs)
           ^^^^^^^^^^^^^^^^^^^^^^^^^^^^^^^^^^^^^^^
  File "C:\Python\Lib\site-packages\rest_framework\views.py", line 515, in dispatch
    response = self.handle_exception(exc)
               ^^^^^^^^^^^^^^^^^^^^^^^^^^
  File "C:\Python\Lib\site-packages\rest_framework\views.py", line 475, in handle_exception
    self.raise_uncaught_exception(exc)
  File "C:\Python\Lib\site-packages\rest_framework\views.py", line 486, in raise_uncaught_exception
    raise exc
  File "C:\Python\Lib\site-packages\rest_framework\views.py", line 512, in dispatch
    response = handler(request, *args, **kwargs)
               ^^^^^^^^^^^^^^^^^^^^^^^^^^^^^^^^^
  File "C:\Python\Lib\site-packages\rest_framework\mixins.py", line 56, in retrieve
    return Response(serializer.data)
                    ^^^^^^^^^^^^^^^
  File "C:\Python\Lib\site-packages\rest_framework\serializers.py", line 573, in data
    ret = super().data
          ^^^^^^^^^^^^
  File "C:\Python\Lib\site-packages\rest_framework\serializers.py", line 251, in data
    self._data = self.to_representation(self.instance)
                 ^^^^^^^^^^^^^^^^^^^^^^^^^^^^^^^^^^^^^
  File "C:\Python\Lib\site-packages\rest_framework\serializers.py", line 540, in to_representation
    ret[field.field_name] = field.to_representation(attribute)
                            ^^^^^^^^^^^^^^^^^^^^^^^^^^^^^^^^^^
  File "C:\Python\Lib\site-packages\rest_framework\serializers.py", line 715, in to_representation
    return [
           ^
  File "C:\Python\Lib\site-packages\django\db\models\query.py", line 384, in __iter__
    self._fetch_all()
  File "C:\Python\Lib\site-packages\django\db\models\query.py", line 1949, in _fetch_all
    self._result_cache = list(self._iterable_class(self))
                         ^^^^^^^^^^^^^^^^^^^^^^^^^^^^^^^^
  File "C:\Python\Lib\site-packages\django\db\models\query.py", line 91, in __iter__
    results = compiler.execute_sql(
              ^^^^^^^^^^^^^^^^^^^^^
  File "C:\Python\Lib\site-packages\django\db\models\sql\compiler.py", line 1623, in execute_sql
    cursor.execute(sql, params)
  File "C:\Python\Lib\site-packages\django\db\backends\utils.py", line 122, in execute
    return super().execute(sql, params)
           ^^^^^^^^^^^^^^^^^^^^^^^^^^^^
  File "C:\Python\Lib\site-packages\django\db\backends\utils.py", line 79, in execute
    return self._execute_with_wrappers(
           ^^^^^^^^^^^^^^^^^^^^^^^^^^^^
  File "C:\Python\Lib\site-packages\django\db\backends\utils.py", line 92, in _execute_with_wrappers
    return executor(sql, params, many, context)
           ^^^^^^^^^^^^^^^^^^^^^^^^^^^^^^^^^^^^
  File "C:\Python\Lib\site-packages\django\db\backends\utils.py", line 100, in _execute
    with self.db.wrap_database_errors:
  File "C:\Python\Lib\site-packages\django\db\utils.py", line 91, in __exit__
    raise dj_exc_value.with_traceback(traceback) from exc_value
  File "C:\Python\Lib\site-packages\django\db\backends\utils.py", line 105, in _execute
    return self.cursor.execute(sql, params)
           ^^^^^^^^^^^^^^^^^^^^^^^^^^^^^^^^
django.db.utils.ProgrammingError: column estimates_estimateitem.item_type does not exist
LINE 1: ...."estimate_id", "estimates_estimateitem"."sr_no", "estimates...
                                                             ^

ERROR 2026-02-24 18:11:06,827 log 3304 23448 Internal Server Error: /api/estimates/34/
Traceback (most recent call last):
  File "C:\Python\Lib\site-packages\django\db\backends\utils.py", line 105, in _execute
    return self.cursor.execute(sql, params)
           ^^^^^^^^^^^^^^^^^^^^^^^^^^^^^^^^
psycopg2.errors.UndefinedColumn: column estimates_estimateitem.item_type does not exist
LINE 1: ...."estimate_id", "estimates_estimateitem"."sr_no", "estimates...
                                                             ^


The above exception was the direct cause of the following exception:

Traceback (most recent call last):
  File "C:\Python\Lib\site-packages\django\core\handlers\exception.py", line 55, in inner
    response = get_response(request)
               ^^^^^^^^^^^^^^^^^^^^^
  File "C:\Python\Lib\site-packages\django\core\handlers\base.py", line 197, in _get_response
    response = wrapped_callback(request, *callback_args, **callback_kwargs)
               ^^^^^^^^^^^^^^^^^^^^^^^^^^^^^^^^^^^^^^^^^^^^^^^^^^^^^^^^^^^^
  File "C:\Python\Lib\site-packages\django\views\decorators\csrf.py", line 65, in _view_wrapper
    return view_func(request, *args, **kwargs)
           ^^^^^^^^^^^^^^^^^^^^^^^^^^^^^^^^^^^
  File "C:\Python\Lib\site-packages\rest_framework\viewsets.py", line 125, in view
    return self.dispatch(request, *args, **kwargs)
           ^^^^^^^^^^^^^^^^^^^^^^^^^^^^^^^^^^^^^^^
  File "C:\Python\Lib\site-packages\rest_framework\views.py", line 515, in dispatch
    response = self.handle_exception(exc)
               ^^^^^^^^^^^^^^^^^^^^^^^^^^
  File "C:\Python\Lib\site-packages\rest_framework\views.py", line 475, in handle_exception
    self.raise_uncaught_exception(exc)
  File "C:\Python\Lib\site-packages\rest_framework\views.py", line 486, in raise_uncaught_exception
    raise exc
  File "C:\Python\Lib\site-packages\rest_framework\views.py", line 512, in dispatch
    response = handler(request, *args, **kwargs)
               ^^^^^^^^^^^^^^^^^^^^^^^^^^^^^^^^^
  File "C:\Python\Lib\site-packages\rest_framework\mixins.py", line 56, in retrieve
    return Response(serializer.data)
                    ^^^^^^^^^^^^^^^
  File "C:\Python\Lib\site-packages\rest_framework\serializers.py", line 573, in data
    ret = super().data
          ^^^^^^^^^^^^
  File "C:\Python\Lib\site-packages\rest_framework\serializers.py", line 251, in data
    self._data = self.to_representation(self.instance)
                 ^^^^^^^^^^^^^^^^^^^^^^^^^^^^^^^^^^^^^
  File "C:\Python\Lib\site-packages\rest_framework\serializers.py", line 540, in to_representation
    ret[field.field_name] = field.to_representation(attribute)
                            ^^^^^^^^^^^^^^^^^^^^^^^^^^^^^^^^^^
  File "C:\Python\Lib\site-packages\rest_framework\serializers.py", line 715, in to_representation
    return [
           ^
  File "C:\Python\Lib\site-packages\django\db\models\query.py", line 384, in __iter__
    self._fetch_all()
  File "C:\Python\Lib\site-packages\django\db\models\query.py", line 1949, in _fetch_all
    self._result_cache = list(self._iterable_class(self))
                         ^^^^^^^^^^^^^^^^^^^^^^^^^^^^^^^^
  File "C:\Python\Lib\site-packages\django\db\models\query.py", line 91, in __iter__
    results = compiler.execute_sql(
              ^^^^^^^^^^^^^^^^^^^^^
  File "C:\Python\Lib\site-packages\django\db\models\sql\compiler.py", line 1623, in execute_sql
    cursor.execute(sql, params)
  File "C:\Python\Lib\site-packages\django\db\backends\utils.py", line 122, in execute
    return super().execute(sql, params)
           ^^^^^^^^^^^^^^^^^^^^^^^^^^^^
  File "C:\Python\Lib\site-packages\django\db\backends\utils.py", line 79, in execute
    return self._execute_with_wrappers(
           ^^^^^^^^^^^^^^^^^^^^^^^^^^^^
  File "C:\Python\Lib\site-packages\django\db\backends\utils.py", line 92, in _execute_with_wrappers
    return executor(sql, params, many, context)
           ^^^^^^^^^^^^^^^^^^^^^^^^^^^^^^^^^^^^
  File "C:\Python\Lib\site-packages\django\db\backends\utils.py", line 100, in _execute
    with self.db.wrap_database_errors:
  File "C:\Python\Lib\site-packages\django\db\utils.py", line 91, in __exit__
    raise dj_exc_value.with_traceback(traceback) from exc_value
  File "C:\Python\Lib\site-packages\django\db\backends\utils.py", line 105, in _execute
    return self.cursor.execute(sql, params)
           ^^^^^^^^^^^^^^^^^^^^^^^^^^^^^^^^
django.db.utils.ProgrammingError: column estimates_estimateitem.item_type does not exist
LINE 1: ...."estimate_id", "estimates_estimateitem"."sr_no", "estimates...
                                                             ^

ERROR 2026-02-24 18:11:07,063 basehttp 3304 23448 "GET /api/estimates/34/ HTTP/1.1" 500 193009
ERROR 2026-02-24 18:11:07,063 basehttp 3304 23448 "GET /api/estimates/34/ HTTP/1.1" 500 193009
ERROR 2026-02-24 18:11:09,592 log 3304 22520 Internal Server Error: /api/estimates/34/
Traceback (most recent call last):
  File "C:\Python\Lib\site-packages\django\db\backends\utils.py", line 105, in _execute
    return self.cursor.execute(sql, params)
           ^^^^^^^^^^^^^^^^^^^^^^^^^^^^^^^^
psycopg2.errors.UndefinedColumn: column estimates_estimateitem.item_type does not exist
LINE 1: ...."estimate_id", "estimates_estimateitem"."sr_no", "estimates...
                                                             ^


The above exception was the direct cause of the following exception:

Traceback (most recent call last):
  File "C:\Python\Lib\site-packages\django\core\handlers\exception.py", line 55, in inner
    response = get_response(request)
               ^^^^^^^^^^^^^^^^^^^^^
  File "C:\Python\Lib\site-packages\django\core\handlers\base.py", line 197, in _get_response
    response = wrapped_callback(request, *callback_args, **callback_kwargs)
               ^^^^^^^^^^^^^^^^^^^^^^^^^^^^^^^^^^^^^^^^^^^^^^^^^^^^^^^^^^^^
  File "C:\Python\Lib\site-packages\django\views\decorators\csrf.py", line 65, in _view_wrapper
    return view_func(request, *args, **kwargs)
           ^^^^^^^^^^^^^^^^^^^^^^^^^^^^^^^^^^^
  File "C:\Python\Lib\site-packages\rest_framework\viewsets.py", line 125, in view
    return self.dispatch(request, *args, **kwargs)
           ^^^^^^^^^^^^^^^^^^^^^^^^^^^^^^^^^^^^^^^
  File "C:\Python\Lib\site-packages\rest_framework\views.py", line 515, in dispatch
    response = self.handle_exception(exc)
               ^^^^^^^^^^^^^^^^^^^^^^^^^^
  File "C:\Python\Lib\site-packages\rest_framework\views.py", line 475, in handle_exception
    self.raise_uncaught_exception(exc)
  File "C:\Python\Lib\site-packages\rest_framework\views.py", line 486, in raise_uncaught_exception
    raise exc
  File "C:\Python\Lib\site-packages\rest_framework\views.py", line 512, in dispatch
    response = handler(request, *args, **kwargs)
               ^^^^^^^^^^^^^^^^^^^^^^^^^^^^^^^^^
  File "C:\Python\Lib\site-packages\rest_framework\mixins.py", line 56, in retrieve
    return Response(serializer.data)
                    ^^^^^^^^^^^^^^^
  File "C:\Python\Lib\site-packages\rest_framework\serializers.py", line 573, in data
    ret = super().data
          ^^^^^^^^^^^^
  File "C:\Python\Lib\site-packages\rest_framework\serializers.py", line 251, in data
    self._data = self.to_representation(self.instance)
                 ^^^^^^^^^^^^^^^^^^^^^^^^^^^^^^^^^^^^^
  File "C:\Python\Lib\site-packages\rest_framework\serializers.py", line 540, in to_representation
    ret[field.field_name] = field.to_representation(attribute)
                            ^^^^^^^^^^^^^^^^^^^^^^^^^^^^^^^^^^
  File "C:\Python\Lib\site-packages\rest_framework\serializers.py", line 715, in to_representation
    return [
           ^
  File "C:\Python\Lib\site-packages\django\db\models\query.py", line 384, in __iter__
    self._fetch_all()
  File "C:\Python\Lib\site-packages\django\db\models\query.py", line 1949, in _fetch_all
    self._result_cache = list(self._iterable_class(self))
                         ^^^^^^^^^^^^^^^^^^^^^^^^^^^^^^^^
  File "C:\Python\Lib\site-packages\django\db\models\query.py", line 91, in __iter__
    results = compiler.execute_sql(
              ^^^^^^^^^^^^^^^^^^^^^
  File "C:\Python\Lib\site-packages\django\db\models\sql\compiler.py", line 1623, in execute_sql
    cursor.execute(sql, params)
  File "C:\Python\Lib\site-packages\django\db\backends\utils.py", line 122, in execute
    return super().execute(sql, params)
           ^^^^^^^^^^^^^^^^^^^^^^^^^^^^
  File "C:\Python\Lib\site-packages\django\db\backends\utils.py", line 79, in execute
    return self._execute_with_wrappers(
           ^^^^^^^^^^^^^^^^^^^^^^^^^^^^
  File "C:\Python\Lib\site-packages\django\db\backends\utils.py", line 92, in _execute_with_wrappers
    return executor(sql, params, many, context)
           ^^^^^^^^^^^^^^^^^^^^^^^^^^^^^^^^^^^^
  File "C:\Python\Lib\site-packages\django\db\backends\utils.py", line 100, in _execute
    with self.db.wrap_database_errors:
  File "C:\Python\Lib\site-packages\django\db\utils.py", line 91, in __exit__
    raise dj_exc_value.with_traceback(traceback) from exc_value
  File "C:\Python\Lib\site-packages\django\db\backends\utils.py", line 105, in _execute
    return self.cursor.execute(sql, params)
           ^^^^^^^^^^^^^^^^^^^^^^^^^^^^^^^^
django.db.utils.ProgrammingError: column estimates_estimateitem.item_type does not exist
LINE 1: ...."estimate_id", "estimates_estimateitem"."sr_no", "estimates...
                                                             ^

ERROR 2026-02-24 18:11:09,592 log 3304 22520 Internal Server Error: /api/estimates/34/
Traceback (most recent call last):
  File "C:\Python\Lib\site-packages\django\db\backends\utils.py", line 105, in _execute
    return self.cursor.execute(sql, params)
           ^^^^^^^^^^^^^^^^^^^^^^^^^^^^^^^^
psycopg2.errors.UndefinedColumn: column estimates_estimateitem.item_type does not exist
LINE 1: ...."estimate_id", "estimates_estimateitem"."sr_no", "estimates...
                                                             ^


The above exception was the direct cause of the following exception:

Traceback (most recent call last):
  File "C:\Python\Lib\site-packages\django\core\handlers\exception.py", line 55, in inner
    response = get_response(request)
               ^^^^^^^^^^^^^^^^^^^^^
  File "C:\Python\Lib\site-packages\django\core\handlers\base.py", line 197, in _get_response
    response = wrapped_callback(request, *callback_args, **callback_kwargs)
               ^^^^^^^^^^^^^^^^^^^^^^^^^^^^^^^^^^^^^^^^^^^^^^^^^^^^^^^^^^^^
  File "C:\Python\Lib\site-packages\django\views\decorators\csrf.py", line 65, in _view_wrapper
    return view_func(request, *args, **kwargs)
           ^^^^^^^^^^^^^^^^^^^^^^^^^^^^^^^^^^^
  File "C:\Python\Lib\site-packages\rest_framework\viewsets.py", line 125, in view
    return self.dispatch(request, *args, **kwargs)
           ^^^^^^^^^^^^^^^^^^^^^^^^^^^^^^^^^^^^^^^
  File "C:\Python\Lib\site-packages\rest_framework\views.py", line 515, in dispatch
    response = self.handle_exception(exc)
               ^^^^^^^^^^^^^^^^^^^^^^^^^^
  File "C:\Python\Lib\site-packages\rest_framework\views.py", line 475, in handle_exception
    self.raise_uncaught_exception(exc)
  File "C:\Python\Lib\site-packages\rest_framework\views.py", line 486, in raise_uncaught_exception
    raise exc
  File "C:\Python\Lib\site-packages\rest_framework\views.py", line 512, in dispatch
    response = handler(request, *args, **kwargs)
               ^^^^^^^^^^^^^^^^^^^^^^^^^^^^^^^^^
  File "C:\Python\Lib\site-packages\rest_framework\mixins.py", line 56, in retrieve
    return Response(serializer.data)
                    ^^^^^^^^^^^^^^^
  File "C:\Python\Lib\site-packages\rest_framework\serializers.py", line 573, in data
    ret = super().data
          ^^^^^^^^^^^^
  File "C:\Python\Lib\site-packages\rest_framework\serializers.py", line 251, in data
    self._data = self.to_representation(self.instance)
                 ^^^^^^^^^^^^^^^^^^^^^^^^^^^^^^^^^^^^^
  File "C:\Python\Lib\site-packages\rest_framework\serializers.py", line 540, in to_representation
    ret[field.field_name] = field.to_representation(attribute)
                            ^^^^^^^^^^^^^^^^^^^^^^^^^^^^^^^^^^
  File "C:\Python\Lib\site-packages\rest_framework\serializers.py", line 715, in to_representation
    return [
           ^
  File "C:\Python\Lib\site-packages\django\db\models\query.py", line 384, in __iter__
    self._fetch_all()
  File "C:\Python\Lib\site-packages\django\db\models\query.py", line 1949, in _fetch_all
    self._result_cache = list(self._iterable_class(self))
                         ^^^^^^^^^^^^^^^^^^^^^^^^^^^^^^^^
  File "C:\Python\Lib\site-packages\django\db\models\query.py", line 91, in __iter__
    results = compiler.execute_sql(
              ^^^^^^^^^^^^^^^^^^^^^
  File "C:\Python\Lib\site-packages\django\db\models\sql\compiler.py", line 1623, in execute_sql
    cursor.execute(sql, params)
  File "C:\Python\Lib\site-packages\django\db\backends\utils.py", line 122, in execute
    return super().execute(sql, params)
           ^^^^^^^^^^^^^^^^^^^^^^^^^^^^
  File "C:\Python\Lib\site-packages\django\db\backends\utils.py", line 79, in execute
    return self._execute_with_wrappers(
           ^^^^^^^^^^^^^^^^^^^^^^^^^^^^
  File "C:\Python\Lib\site-packages\django\db\backends\utils.py", line 92, in _execute_with_wrappers
    return executor(sql, params, many, context)
           ^^^^^^^^^^^^^^^^^^^^^^^^^^^^^^^^^^^^
  File "C:\Python\Lib\site-packages\django\db\backends\utils.py", line 100, in _execute
    with self.db.wrap_database_errors:
  File "C:\Python\Lib\site-packages\django\db\utils.py", line 91, in __exit__
    raise dj_exc_value.with_traceback(traceback) from exc_value
  File "C:\Python\Lib\site-packages\django\db\backends\utils.py", line 105, in _execute
    return self.cursor.execute(sql, params)
           ^^^^^^^^^^^^^^^^^^^^^^^^^^^^^^^^
django.db.utils.ProgrammingError: column estimates_estimateitem.item_type does not exist
LINE 1: ...."estimate_id", "estimates_estimateitem"."sr_no", "estimates...
                                                             ^

ERROR 2026-02-24 18:11:10,054 basehttp 3304 22520 "GET /api/estimates/34/ HTTP/1.1" 500 193009
ERROR 2026-02-24 18:11:10,054 basehttp 3304 22520 "GET /api/estimates/34/ HTTP/1.1" 500 193009
WARNING 2026-02-25 14:15:30,180 log 26192 26416 Bad Request: /api/finance/company-profile/
WARNING 2026-02-25 14:15:30,180 log 26192 26416 Bad Request: /api/finance/company-profile/
WARNING 2026-02-25 14:15:30,183 basehttp 26192 26416 "POST /api/finance/company-profile/ HTTP/1.1" 400 56
WARNING 2026-02-25 14:15:30,183 basehttp 26192 26416 "POST /api/finance/company-profile/ HTTP/1.1" 400 56
WARNING 2026-02-25 14:15:44,578 log 26192 26416 Bad Request: /api/finance/company-profile/
WARNING 2026-02-25 14:15:44,578 log 26192 26416 Bad Request: /api/finance/company-profile/
WARNING 2026-02-25 14:15:44,580 basehttp 26192 26416 "POST /api/finance/company-profile/ HTTP/1.1" 400 56
WARNING 2026-02-25 14:15:44,580 basehttp 26192 26416 "POST /api/finance/company-profile/ HTTP/1.1" 400 56
WARNING 2026-02-25 14:16:35,470 log 26192 26416 Bad Request: /api/finance/company-profile/
WARNING 2026-02-25 14:16:35,470 log 26192 26416 Bad Request: /api/finance/company-profile/
WARNING 2026-02-25 14:16:35,472 basehttp 26192 26416 "POST /api/finance/company-profile/ HTTP/1.1" 400 56
WARNING 2026-02-25 14:16:35,472 basehttp 26192 26416 "POST /api/finance/company-profile/ HTTP/1.1" 400 56
WARNING 2026-02-25 14:16:37,422 log 26192 26416 Bad Request: /api/finance/company-profile/
WARNING 2026-02-25 14:16:37,422 log 26192 26416 Bad Request: /api/finance/company-profile/
WARNING 2026-02-25 14:16:37,423 basehttp 26192 26416 "POST /api/finance/company-profile/ HTTP/1.1" 400 56
WARNING 2026-02-25 14:16:37,423 basehttp 26192 26416 "POST /api/finance/company-profile/ HTTP/1.1" 400 56
WARNING 2026-02-25 14:17:39,623 log 26192 26416 Bad Request: /api/finance/company-profile/14/
WARNING 2026-02-25 14:17:39,623 log 26192 26416 Bad Request: /api/finance/company-profile/14/
WARNING 2026-02-25 14:17:39,624 basehttp 26192 26416 "PATCH /api/finance/company-profile/14/ HTTP/1.1" 400 56
WARNING 2026-02-25 14:17:39,624 basehttp 26192 26416 "PATCH /api/finance/company-profile/14/ HTTP/1.1" 400 56
WARNING 2026-02-25 14:18:20,083 log 26192 26416 Bad Request: /api/finance/company-profile/14/
WARNING 2026-02-25 14:18:20,083 log 26192 26416 Bad Request: /api/finance/company-profile/14/
WARNING 2026-02-25 14:18:20,085 basehttp 26192 26416 "PATCH /api/finance/company-profile/14/ HTTP/1.1" 400 56
WARNING 2026-02-25 14:18:20,085 basehttp 26192 26416 "PATCH /api/finance/company-profile/14/ HTTP/1.1" 400 56
WARNING 2026-02-25 14:18:49,721 log 26192 26416 Bad Request: /api/finance/company-profile/14/
WARNING 2026-02-25 14:18:49,721 log 26192 26416 Bad Request: /api/finance/company-profile/14/
WARNING 2026-02-25 14:18:49,723 basehttp 26192 26416 "PATCH /api/finance/company-profile/14/ HTTP/1.1" 400 56
WARNING 2026-02-25 14:18:49,723 basehttp 26192 26416 "PATCH /api/finance/company-profile/14/ HTTP/1.1" 400 56
WARNING 2026-02-25 14:19:49,094 log 26192 26416 Bad Request: /api/finance/company-profile/14/
WARNING 2026-02-25 14:19:49,094 log 26192 26416 Bad Request: /api/finance/company-profile/14/
WARNING 2026-02-25 14:19:49,095 basehttp 26192 26416 "PATCH /api/finance/company-profile/14/ HTTP/1.1" 400 56
WARNING 2026-02-25 14:19:49,095 basehttp 26192 26416 "PATCH /api/finance/company-profile/14/ HTTP/1.1" 400 56
ERROR 2026-02-25 14:53:14,518 views 24024 27032 Automated PO extraction failed in process_po: PO Number ETL-PO-2025-1064 already exists. Check first PO (ID: 19).
Traceback (most recent call last):
  File "D:\Sales_tools_application\Sales_Tools__app\backend\sales_orders\views.py", line 347, in process_po
    draft_so = SalesOrderCreator.create_from_po(po_file)
               ^^^^^^^^^^^^^^^^^^^^^^^^^^^^^^^^^^^^^^^^^
  File "C:\Python\Lib\contextlib.py", line 81, in inner
    return func(*args, **kwds)
           ^^^^^^^^^^^^^^^^^^^
  File "D:\Sales_tools_application\Sales_Tools__app\backend\sales_orders\services.py", line 564, in create_from_po
    raise Exception(f"PO Number {po_num} already exists. Check first PO (ID: {existing_so.id}).")
Exception: PO Number ETL-PO-2025-1064 already exists. Check first PO (ID: 19).
WARNING 2026-02-25 14:53:14,533 log 24024 27032 Bad Request: /api/po-files/process_po/
WARNING 2026-02-25 14:53:14,533 log 24024 27032 Bad Request: /api/po-files/process_po/
WARNING 2026-02-25 14:53:14,535 basehttp 24024 27032 "POST /api/po-files/process_po/ HTTP/1.1" 400 168
WARNING 2026-02-25 14:53:14,535 basehttp 24024 27032 "POST /api/po-files/process_po/ HTTP/1.1" 400 168
WARNING 2026-02-25 15:30:50,885 log 24024 11664 Bad Request: /api/sales-orders/
WARNING 2026-02-25 15:30:50,885 log 24024 11664 Bad Request: /api/sales-orders/
WARNING 2026-02-25 15:30:50,890 basehttp 24024 11664 "POST /api/sales-orders/ HTTP/1.1" 400 55
WARNING 2026-02-25 15:30:50,890 basehttp 24024 11664 "POST /api/sales-orders/ HTTP/1.1" 400 55
WARNING 2026-02-25 15:30:59,885 log 24024 11664 Bad Request: /api/sales-orders/
WARNING 2026-02-25 15:30:59,885 log 24024 11664 Bad Request: /api/sales-orders/
WARNING 2026-02-25 15:30:59,896 basehttp 24024 11664 "POST /api/sales-orders/ HTTP/1.1" 400 55
WARNING 2026-02-25 15:30:59,896 basehttp 24024 11664 "POST /api/sales-orders/ HTTP/1.1" 400 55
WARNING 2026-02-25 15:33:38,264 log 24024 11664 Bad Request: /api/sales-orders/
WARNING 2026-02-25 15:33:38,264 log 24024 11664 Bad Request: /api/sales-orders/
WARNING 2026-02-25 15:33:38,305 basehttp 24024 11664 "POST /api/sales-orders/ HTTP/1.1" 400 55
WARNING 2026-02-25 15:33:38,305 basehttp 24024 11664 "POST /api/sales-orders/ HTTP/1.1" 400 55
WARNING 2026-02-25 15:37:44,579 log 24024 11664 Bad Request: /api/sales-orders/
WARNING 2026-02-25 15:37:44,579 log 24024 11664 Bad Request: /api/sales-orders/
WARNING 2026-02-25 15:37:44,584 basehttp 24024 11664 "POST /api/sales-orders/ HTTP/1.1" 400 55
WARNING 2026-02-25 15:37:44,584 basehttp 24024 11664 "POST /api/sales-orders/ HTTP/1.1" 400 55
WARNING 2026-02-25 15:44:14,990 log 24024 11388 Bad Request: /api/sales-orders/
WARNING 2026-02-25 15:44:14,990 log 24024 11388 Bad Request: /api/sales-orders/
WARNING 2026-02-25 15:44:14,994 basehttp 24024 11388 "POST /api/sales-orders/ HTTP/1.1" 400 55
WARNING 2026-02-25 15:44:14,994 basehttp 24024 11388 "POST /api/sales-orders/ HTTP/1.1" 400 55
WARNING 2026-02-25 15:46:17,128 log 24024 11388 Bad Request: /api/sales-orders/
WARNING 2026-02-25 15:46:17,128 log 24024 11388 Bad Request: /api/sales-orders/
WARNING 2026-02-25 15:46:17,132 basehttp 24024 11388 "POST /api/sales-orders/ HTTP/1.1" 400 55
WARNING 2026-02-25 15:46:17,132 basehttp 24024 11388 "POST /api/sales-orders/ HTTP/1.1" 400 55
